198.103.167.20 - - [12/Nov/2008:08:55:42 -0800] "GET /lists HTTP/1.1" 200  3146 "http://adamsoltys.com/about" "Mozilla/5.0 (Windows; U; Windows NT 5.1; en-US; rv:1.9.0.3) Gecko/2008092417 Firefox/3.0.3" "10.66.0.100, 10.66.0.100"
198.103.167.20 - - [12/Nov/2008:08:55:43 -0800] "GET /images/db3.gif HTTP/1.1" 200  266 "http://adamsoltys.com/stylesheets/all.css?1225684672" "Mozilla/5.0 (Windows; U; Windows NT 5.1; en-US; rv:1.9.0.3) Gecko/2008092417 Firefox/3.0.3" "10.66.0.100, 10.66.0.100"
198.103.167.20 - - [12/Nov/2008:08:55:43 -0800] "GET /images/book.jpg HTTP/1.1" 200  12012 "http://adamsoltys.com/lists" "Mozilla/5.0 (Windows; U; Windows NT 5.1; en-US; rv:1.9.0.3) Gecko/2008092417 Firefox/3.0.3" "10.66.0.100, 10.66.0.100"
198.103.167.20 - - [12/Nov/2008:08:55:59 -0800] "GET /resume HTTP/1.1" 200  2045 "http://adamsoltys.com/lists" "Mozilla/5.0 (Windows; U; Windows NT 5.1; en-US; rv:1.9.0.3) Gecko/2008092417 Firefox/3.0.3" "10.66.0.100, 10.66.0.100"
198.103.167.20 - - [12/Nov/2008:08:56:34 -0800] "GET /contact HTTP/1.1" 304  0 "http://adamsoltys.com/resume" "Mozilla/5.0 (Windows; U; Windows NT 5.1; en-US; rv:1.9.0.3) Gecko/2008092417 Firefox/3.0.3" "10.66.0.100, 10.66.0.100"
198.103.167.20 - - [12/Nov/2008:08:56:47 -0800] "GET /contact HTTP/1.1" 200  1434 "http://adamsoltys.com/contact" "Mozilla/5.0 (Windows; U; Windows NT 5.1; en-US; rv:1.9.0.3) Gecko/2008092417 Firefox/3.0.3" "10.66.0.100, 10.66.0.100"
198.103.167.20 - - [12/Nov/2008:08:56:58 -0800] "GET / HTTP/1.1" 304  0 "http://adamsoltys.com/contact" "Mozilla/5.0 (Windows; U; Windows NT 5.1; en-US; rv:1.9.0.3) Gecko/2008092417 Firefox/3.0.3" "10.66.0.100, 10.66.0.100"
198.103.167.20 - - [12/Nov/2008:08:57:00 -0800] "GET /home HTTP/1.1" 200  1133 "http://adamsoltys.com/" "Mozilla/5.0 (Windows; U; Windows NT 5.1; en-US; rv:1.9.0.3) Gecko/2008092417 Firefox/3.0.3" "10.66.0.100, 10.66.0.100"
198.103.167.20 - - [12/Nov/2008:08:57:02 -0800] "GET /about HTTP/1.1" 200  1773 "http://adamsoltys.com/home" "Mozilla/5.0 (Windows; U; Windows NT 5.1; en-US; rv:1.9.0.3) Gecko/2008092417 Firefox/3.0.3" "10.66.0.100, 10.66.0.100"
198.103.167.20 - - [12/Nov/2008:08:57:03 -0800] "GET /home HTTP/1.1" 304  0 "http://adamsoltys.com/about" "Mozilla/5.0 (Windows; U; Windows NT 5.1; en-US; rv:1.9.0.3) Gecko/2008092417 Firefox/3.0.3" "10.66.0.100, 10.66.0.100"
198.103.167.20 - - [12/Nov/2008:08:57:09 -0800] "GET /about HTTP/1.1" 304  0 "http://adamsoltys.com/home" "Mozilla/5.0 (Windows; U; Windows NT 5.1; en-US; rv:1.9.0.3) Gecko/2008092417 Firefox/3.0.3" "10.66.0.100, 10.66.0.100"
198.103.167.20 - - [12/Nov/2008:08:57:10 -0800] "GET /lists HTTP/1.1" 304  0 "http://adamsoltys.com/about" "Mozilla/5.0 (Windows; U; Windows NT 5.1; en-US; rv:1.9.0.3) Gecko/2008092417 Firefox/3.0.3" "10.66.0.100, 10.66.0.100"
137.82.96.26 - - [12/Nov/2008:10:10:07 -0800] "GET / HTTP/1.1" 200  1133 "-" "Mozilla/5.0 (Windows; U; Windows NT 5.1; en-US; rv:1.9.0.3) Gecko/2008092417 Firefox/3.0.3" "-"
137.82.96.26 - - [12/Nov/2008:10:10:07 -0800] "GET /images/date.gif HTTP/1.1" 200  144 "http://adamsoltys.com/stylesheets/all.css?1225684672" "Mozilla/5.0 (Windows; U; Windows NT 5.1; en-US; rv:1.9.0.3) Gecko/2008092417 Firefox/3.0.3" "-"
198.103.167.20 - - [12/Nov/2008:10:16:09 -0800] "GET / HTTP/1.1" 304  0 "-" "Mozilla/5.0 (Windows; U; Windows NT 5.1; en-US; rv:1.9.0.3) Gecko/2008092417 Firefox/3.0.3" "10.66.0.100, 10.66.0.100"
198.103.167.20 - - [12/Nov/2008:10:16:10 -0800] "GET /home HTTP/1.1" 200  1133 "http://adamsoltys.com/" "Mozilla/5.0 (Windows; U; Windows NT 5.1; en-US; rv:1.9.0.3) Gecko/2008092417 Firefox/3.0.3" "10.66.0.100, 10.66.0.100"
66.249.72.141 - - [12/Nov/2008:10:29:16 -0800] "GET /robots.txt HTTP/1.1" 200  183 "-" "Mozilla/5.0 (compatible; Googlebot/2.1; +http://www.google.com/bot.html)" "-"
66.249.72.141 - - [12/Nov/2008:10:29:17 -0800] "GET /javascripts/all.js?1225684672 HTTP/1.1" 200  63557 "-" "Mozilla/5.0 (compatible; Googlebot/2.1; +http://www.google.com/bot.html)" "-"
66.249.72.141 - - [12/Nov/2008:10:38:25 -0800] "GET /stylesheets/all.css?1225684672 HTTP/1.1" 200  1351 "-" "Mozilla/5.0 (compatible; Googlebot/2.1; +http://www.google.com/bot.html)" "-"
66.249.72.141 - - [12/Nov/2008:10:38:26 -0800] "GET /javascripts/all.js?1220331809 HTTP/1.1" 200  63557 "-" "Mozilla/5.0 (compatible; Googlebot/2.1; +http://www.google.com/bot.html)" "-"
66.249.72.141 - - [12/Nov/2008:10:45:26 -0800] "GET /stylesheets/all.css?1220599196 HTTP/1.1" 200  1351 "-" "Mozilla/5.0 (compatible; Googlebot/2.1; +http://www.google.com/bot.html)" "-"
202.108.7.215 - - [12/Nov/2008:12:25:51 -0800] "GET /robots.txt HTTP/1.1" 200  204 "-" "Mozilla/5.0 (compatible; YoudaoBot/1.0; http://www.youdao.com/help/webmaster/spider/; )" "-"
202.108.7.215 - - [12/Nov/2008:12:25:52 -0800] "GET / HTTP/1.1" 200  1132 "-" "Mozilla/5.0 (compatible; YoudaoBot/1.0; http://www.youdao.com/help/webmaster/spider/; )" "-"
66.249.72.141 - - [12/Nov/2008:12:37:38 -0800] "GET / HTTP/1.1" 200  1132 "-" "Mozilla/5.0 (compatible; Googlebot/2.1; +http://www.google.com/bot.html)" "-"
198.103.167.20 - - [12/Nov/2008:13:07:28 -0800] "GET / HTTP/1.1" 304  0 "-" "Mozilla/5.0 (Windows; U; Windows NT 5.1; en-US; rv:1.9.0.3) Gecko/2008092417 Firefox/3.0.3" "10.66.0.100"
198.103.167.20 - - [12/Nov/2008:13:07:29 -0800] "GET /lists HTTP/1.1" 200  3146 "http://adamsoltys.com/" "Mozilla/5.0 (Windows; U; Windows NT 5.1; en-US; rv:1.9.0.3) Gecko/2008092417 Firefox/3.0.3" "10.66.0.100"
198.103.167.20 - - [12/Nov/2008:13:07:30 -0800] "GET /about HTTP/1.1" 200  1773 "http://adamsoltys.com/lists" "Mozilla/5.0 (Windows; U; Windows NT 5.1; en-US; rv:1.9.0.3) Gecko/2008092417 Firefox/3.0.3" "10.66.0.100"
198.103.167.20 - - [12/Nov/2008:13:07:31 -0800] "GET /lists HTTP/1.1" 304  0 "http://adamsoltys.com/about" "Mozilla/5.0 (Windows; U; Windows NT 5.1; en-US; rv:1.9.0.3) Gecko/2008092417 Firefox/3.0.3" "10.66.0.100"
198.103.167.20 - - [12/Nov/2008:13:07:50 -0800] "GET /home HTTP/1.1" 304  0 "http://adamsoltys.com/lists" "Mozilla/5.0 (Windows; U; Windows NT 5.1; en-US; rv:1.9.0.3) Gecko/2008092417 Firefox/3.0.3" "10.66.0.100"
220.181.61.220 - - [12/Nov/2008:14:20:01 -0800] "GET / HTTP/1.1" 200  1132 "-" "Sogou web spider/4.0(+http://www.sogou.com/docs/help/webmasters.htm#07)" "-"
220.181.61.220 - - [12/Nov/2008:14:20:11 -0800] "GET /robots.txt HTTP/1.1" 200  204 "-" "-" "-"
64.1.215.165 - - [12/Nov/2008:14:21:36 -0800] "GET /robots.txt HTTP/1.0" 200  167 "-" "Mozilla/5.0 (Twiceler-0.9 http://www.cuil.com/twiceler/robot.html)" "-"
198.103.167.20 - - [12/Nov/2008:15:21:44 -0800] "GET / HTTP/1.1" 304  0 "-" "Mozilla/5.0 (Windows; U; Windows NT 5.1; en-US; rv:1.9.0.3) Gecko/2008092417 Firefox/3.0.3" "10.66.0.100, 10.66.0.100"
198.103.167.20 - - [12/Nov/2008:15:21:46 -0800] "GET /lists HTTP/1.1" 200  3146 "http://adamsoltys.com/" "Mozilla/5.0 (Windows; U; Windows NT 5.1; en-US; rv:1.9.0.3) Gecko/2008092417 Firefox/3.0.3" "10.66.0.100, 10.66.0.100"
198.103.167.20 - - [12/Nov/2008:15:21:46 -0800] "GET /about HTTP/1.1" 304  0 "http://adamsoltys.com/lists" "Mozilla/5.0 (Windows; U; Windows NT 5.1; en-US; rv:1.9.0.3) Gecko/2008092417 Firefox/3.0.3" "10.66.0.100, 10.66.0.100"
198.103.167.20 - - [12/Nov/2008:15:21:48 -0800] "GET /lists HTTP/1.1" 304  0 "http://adamsoltys.com/about" "Mozilla/5.0 (Windows; U; Windows NT 5.1; en-US; rv:1.9.0.3) Gecko/2008092417 Firefox/3.0.3" "10.66.0.100, 10.66.0.100"
198.103.167.20 - - [12/Nov/2008:16:20:37 -0800] "GET / HTTP/1.1" 304  0 "-" "Mozilla/5.0 (Windows; U; Windows NT 5.1; en-US; rv:1.9.0.3) Gecko/2008092417 Firefox/3.0.3" "10.66.0.100, 10.66.0.100"
198.103.167.20 - - [12/Nov/2008:16:20:37 -0800] "GET /images/topbg.gif HTTP/1.1" 200  3501 "http://adamsoltys.com/stylesheets/all.css?1225684672" "Mozilla/5.0 (Windows; U; Windows NT 5.1; en-US; rv:1.9.0.3) Gecko/2008092417 Firefox/3.0.3" "10.66.0.100, 10.66.0.100"
198.103.167.20 - - [12/Nov/2008:16:20:38 -0800] "GET /images/border2.gif HTTP/1.1" 200  168 "http://adamsoltys.com/stylesheets/all.css?1225684672" "Mozilla/5.0 (Windows; U; Windows NT 5.1; en-US; rv:1.9.0.3) Gecko/2008092417 Firefox/3.0.3" "10.66.0.100, 10.66.0.100"
198.103.167.20 - - [12/Nov/2008:16:20:39 -0800] "GET /resume HTTP/1.1" 304  0 "http://adamsoltys.com/" "Mozilla/5.0 (Windows; U; Windows NT 5.1; en-US; rv:1.9.0.3) Gecko/2008092417 Firefox/3.0.3" "10.66.0.100, 10.66.0.100"
198.103.167.20 - - [12/Nov/2008:16:20:40 -0800] "GET /contact HTTP/1.1" 304  0 "http://adamsoltys.com/resume" "Mozilla/5.0 (Windows; U; Windows NT 5.1; en-US; rv:1.9.0.3) Gecko/2008092417 Firefox/3.0.3" "10.66.0.100, 10.66.0.100"
198.103.167.20 - - [12/Nov/2008:16:20:41 -0800] "GET /home HTTP/1.1" 200  1133 "http://adamsoltys.com/contact" "Mozilla/5.0 (Windows; U; Windows NT 5.1; en-US; rv:1.9.0.3) Gecko/2008092417 Firefox/3.0.3" "10.66.0.100, 10.66.0.100"
198.103.167.20 - - [12/Nov/2008:16:49:34 -0800] "GET / HTTP/1.1" 304  0 "-" "Mozilla/5.0 (Windows; U; Windows NT 5.1; en-US; rv:1.9.0.3) Gecko/2008092417 Firefox/3.0.3" "10.66.0.100, 10.66.0.100"
198.103.167.20 - - [12/Nov/2008:16:49:35 -0800] "GET /about HTTP/1.1" 200  1773 "http://adamsoltys.com/" "Mozilla/5.0 (Windows; U; Windows NT 5.1; en-US; rv:1.9.0.3) Gecko/2008092417 Firefox/3.0.3" "10.66.0.100, 10.66.0.100"
198.103.167.20 - - [12/Nov/2008:16:49:36 -0800] "GET /lists HTTP/1.1" 200  3146 "http://adamsoltys.com/about" "Mozilla/5.0 (Windows; U; Windows NT 5.1; en-US; rv:1.9.0.3) Gecko/2008092417 Firefox/3.0.3" "10.66.0.100, 10.66.0.100"
65.55.105.231 - - [12/Nov/2008:17:27:38 -0800] "GET /robots.txt HTTP/1.1" 200  183 "-" "msnbot/1.1 (+http://search.msn.com/msnbot.htm)" "-"
65.55.105.231 - - [12/Nov/2008:17:27:40 -0800] "GET /archive HTTP/1.1" 200  6085 "-" "msnbot/1.1 (+http://search.msn.com/msnbot.htm)" "-"
65.55.109.219 - - [12/Nov/2008:17:32:29 -0800] "GET /archive HTTP/1.0" 200  13769 "http://search.live.com/results.aspx?q=soltys" "Mozilla/4.0 (compatible; MSIE 6.0; Windows NT 5.2; SV1; .NET CLR 1.1.4322)" "-"
65.55.109.219 - - [12/Nov/2008:17:32:29 -0800] "GET /stylesheets/all.css?1225684672 HTTP/1.0" 200  5748 "http://adamsoltys.com/archive" "Mozilla/4.0 (compatible; MSIE 6.0; Windows NT 5.2; SV1; .NET CLR 1.1.4322)" "-"
65.55.109.219 - - [12/Nov/2008:17:32:32 -0800] "GET /javascripts/all.js?1225684672 HTTP/1.0" 200  231610 "http://adamsoltys.com/archive" "Mozilla/4.0 (compatible; MSIE 6.0; Windows NT 5.2; SV1; .NET CLR 1.1.4322)" "-"
74.6.22.177 - - [12/Nov/2008:17:40:49 -0800] "GET /robots.txt HTTP/1.0" 200  167 "-" "Mozilla/5.0 (compatible; Yahoo! Slurp; http://help.yahoo.com/help/us/ysearch/slurp)" "-"
74.6.22.177 - - [12/Nov/2008:17:40:51 -0800] "GET / HTTP/1.0" 200  1115 "-" "Mozilla/5.0 (compatible; Yahoo! Slurp; http://help.yahoo.com/help/us/ysearch/slurp)" "-"
65.55.105.243 - - [12/Nov/2008:17:53:38 -0800] "GET /robots.txt HTTP/1.1" 200  183 "-" "msnbot/1.1 (+http://search.msn.com/msnbot.htm)" "-"
65.55.105.243 - - [12/Nov/2008:17:53:40 -0800] "GET / HTTP/1.1" 200  1132 "-" "msnbot/1.1 (+http://search.msn.com/msnbot.htm)" "-"
65.55.110.185 - - [12/Nov/2008:17:57:03 -0800] "GET / HTTP/1.0" 200  2355 "http://search.live.com/results.aspx?q=soltys" "Mozilla/4.0 (compatible; MSIE 6.0; Windows NT 5.2; SV1; .NET CLR 1.1.4322)" "-"
65.55.110.185 - - [12/Nov/2008:17:57:03 -0800] "GET /stylesheets/all.css?1225684672 HTTP/1.0" 200  5748 "http://coldfusion.adamsoltys.com/" "Mozilla/4.0 (compatible; MSIE 6.0; Windows NT 5.2; SV1; .NET CLR 1.1.4322)" "-"
65.55.110.185 - - [12/Nov/2008:17:57:06 -0800] "GET /javascripts/all.js?1225684672 HTTP/1.0" 200  231610 "http://coldfusion.adamsoltys.com/" "Mozilla/4.0 (compatible; MSIE 6.0; Windows NT 5.2; SV1; .NET CLR 1.1.4322)" "-"
124.115.0.23 - - [12/Nov/2008:19:39:39 -0800] "GET /robots.txt HTTP/1.1" 200  183 "http://adamsoltys.com/robots.txt" "Sosospider+(+http://help.soso.com/webspider.htm)" "-"
66.249.72.141 - - [12/Nov/2008:20:01:07 -0800] "GET /resume HTTP/1.1" 200  2045 "-" "Mozilla/5.0 (compatible; Googlebot/2.1; +http://www.google.com/bot.html)" "-"
66.249.72.141 - - [12/Nov/2008:20:09:09 -0800] "GET /about HTTP/1.1" 200  1774 "-" "Mozilla/5.0 (compatible; Googlebot/2.1; +http://www.google.com/bot.html)" "-"
66.249.72.141 - - [12/Nov/2008:20:16:37 -0800] "GET /contact HTTP/1.1" 200  1434 "-" "Mozilla/5.0 (compatible; Googlebot/2.1; +http://www.google.com/bot.html)" "-"
66.249.72.141 - - [12/Nov/2008:20:22:46 -0800] "GET /archive HTTP/1.1" 200  6085 "-" "Mozilla/5.0 (compatible; Googlebot/2.1; +http://www.google.com/bot.html)" "-"
66.249.72.141 - - [12/Nov/2008:20:27:12 -0800] "GET /lists HTTP/1.1" 200  3146 "-" "Mozilla/5.0 (compatible; Googlebot/2.1; +http://www.google.com/bot.html)" "-"
66.249.72.141 - - [12/Nov/2008:20:31:05 -0800] "GET /home HTTP/1.1" 200  1132 "-" "Mozilla/5.0 (compatible; Googlebot/2.1; +http://www.google.com/bot.html)" "-"
212.95.252.16 - - [12/Nov/2008:22:17:10 -0800] "-" 400  0 "-" "-" "-"
208.96.54.71 - - [14/Nov/2008:17:03:21 -0800] "GET / HTTP/1.1" 200  2355 "-" "Mozilla/5.0 (compatible; discobot/1.0; +http://discoveryengine.com/discobot.html)" "-"
208.96.54.71 - - [14/Nov/2008:17:07:19 -0800] "GET / HTTP/1.1" 200  2355 "-" "Mozilla/5.0 (compatible; discobot/1.0; +http://discoveryengine.com/discobot.html)" "-"
220.181.61.220 - - [14/Nov/2008:17:24:32 -0800] "GET /robots.txt HTTP/1.1" 200  204 "-" "-" "-"
220.181.61.220 - - [14/Nov/2008:17:24:42 -0800] "GET / HTTP/1.1" 200  1132 "-" "Sogou web spider/4.0(+http://www.sogou.com/docs/help/webmasters.htm#07)" "-"
193.47.80.47 - - [14/Nov/2008:17:48:20 -0800] "GET /robots.txt HTTP/1.1" 200  183 "-" "Mozilla/5.0 (compatible; Exabot/3.0; +http://www.exabot.com/go/robot)" "-"
193.47.80.47 - - [14/Nov/2008:17:48:20 -0800] "GET /WSP/elearning/software/index.php HTTP/1.1" 404  597 "-" "Mozilla/5.0 (compatible; Exabot/3.0; +http://www.exabot.com/go/robot)" "-"
66.249.66.36 - - [14/Nov/2008:18:38:17 -0800] "GET /robots.txt HTTP/1.1" 200  183 "-" "Mozilla/5.0 (compatible; Googlebot/2.1; +http://www.google.com/bot.html)" "-"
66.249.66.36 - - [14/Nov/2008:18:38:17 -0800] "GET /home HTTP/1.1" 200  1132 "-" "Mozilla/5.0 (compatible; Googlebot/2.1; +http://www.google.com/bot.html)" "-"
208.96.54.71 - - [14/Nov/2008:18:46:17 -0800] "GET /?p=5 HTTP/1.1" 200  2355 "-" "Mozilla/5.0 (compatible; discobot/1.0; +http://discoveryengine.com/discobot.html)" "-"
66.150.96.121 - - [14/Nov/2008:19:00:12 -0800] "-" 400  0 "-" "-" "-"
66.150.96.121 - - [14/Nov/2008:19:00:12 -0800] "GET /?feed=rss2 HTTP/1.1" 200  1132 "-" "FeedBurner/1.0 (http://www.FeedBurner.com)" "-"
193.47.80.47 - - [14/Nov/2008:19:32:33 -0800] "GET /Voxx5/main.html HTTP/1.1" 404  597 "-" "Mozilla/5.0 (compatible; Exabot/3.0; +http://www.exabot.com/go/robot)" "-"
76.113.79.198 - - [14/Nov/2008:20:00:26 -0800] "GET / HTTP/1.1" 200  1132 "-" "integrity/2.0" "-"
24.222.188.208 - - [14/Nov/2008:20:07:02 -0800] "GET / HTTP/1.1" 499  0 "http://www.rocksolidequities.com/" "Mozilla/4.0 (compatible; MSIE 6.0; Windows NT 5.1; Hotbar 3.0)" "-"
72.30.65.57 - - [14/Nov/2008:20:34:00 -0800] "GET /robots.txt HTTP/1.0" 200  167 "-" "Mozilla/5.0 (compatible; Yahoo! Slurp; http://help.yahoo.com/help/us/ysearch/slurp)" "-"
72.30.65.57 - - [14/Nov/2008:20:34:00 -0800] "GET / HTTP/1.0" 200  1115 "-" "Mozilla/5.0 (compatible; Yahoo! Slurp; http://help.yahoo.com/help/us/ysearch/slurp)" "-"
66.150.96.121 - - [14/Nov/2008:21:38:26 -0800] "-" 400  0 "-" "-" "-"
66.150.96.121 - - [14/Nov/2008:21:38:26 -0800] "GET /?feed=rss2 HTTP/1.1" 200  1132 "-" "FeedBurner/1.0 (http://www.FeedBurner.com)" "-"
193.47.80.47 - - [14/Nov/2008:23:06:00 -0800] "GET /WSP/learning_objects/index.php HTTP/1.1" 404  597 "-" "Mozilla/5.0 (compatible; Exabot/3.0; +http://www.exabot.com/go/robot)" "-"
66.249.66.47 - - [15/Nov/2008:00:07:56 -0800] "GET / HTTP/1.1" 200  1132 "-" "Mozilla/5.0 (compatible; Googlebot/2.1; +http://www.google.com/bot.html)" "-"
66.150.96.121 - - [15/Nov/2008:00:18:46 -0800] "-" 400  0 "-" "-" "-"
66.150.96.121 - - [15/Nov/2008:00:18:46 -0800] "GET /?feed=rss2 HTTP/1.1" 200  1132 "-" "FeedBurner/1.0 (http://www.FeedBurner.com)" "-"
66.249.66.47 - - [15/Nov/2008:00:26:42 -0800] "GET /lists HTTP/1.1" 200  3146 "-" "Mozilla/5.0 (compatible; Googlebot/2.1; +http://www.google.com/bot.html)" "-"
66.249.66.47 - - [15/Nov/2008:00:40:26 -0800] "GET /robots.txt HTTP/1.1" 200  183 "-" "Mozilla/5.0 (compatible; Googlebot/2.1; +http://www.google.com/bot.html)" "-"
66.249.66.47 - - [15/Nov/2008:00:40:26 -0800] "GET / HTTP/1.1" 200  1132 "-" "Mozilla/5.0 (compatible; Googlebot/2.1; +http://www.google.com/bot.html)" "-"
193.47.80.47 - - [15/Nov/2008:03:27:14 -0800] "GET /WSP/elearning/faq/viewlets/reset_course.php HTTP/1.1" 404  597 "-" "Mozilla/5.0 (compatible; Exabot/3.0; +http://www.exabot.com/go/robot)" "-"
209.67.208.58 - - [15/Nov/2008:03:36:16 -0800] "-" 400  0 "-" "-" "-"
123.234.37.91 - - [15/Nov/2008:03:36:23 -0800] "GET / HTTP/1.0" 200  2355 "-" "Mozilla/4.0 (compatible; MSIE 6.0; Windows ME) Opera 7.11  [en]" "-"
66.152.191.98 - - [15/Nov/2008:03:36:25 -0800] "GET / HTTP/1.1" 200  2355 "-" "Mozilla/4.0 (compatible; MSIE 6.0; Windows ME) Opera 7.11  [en]" "-"
66.152.191.98 - - [15/Nov/2008:03:36:25 -0800] "GET / HTTP/1.1" 200  2355 "-" "Mozilla/4.0 (compatible; MSIE 6.0; Windows ME) Opera 7.11  [en]" "-"
66.152.191.98 - - [15/Nov/2008:03:36:28 -0800] "GET / HTTP/1.1" 200  2355 "-" "Mozilla/4.0 (compatible; MSIE 6.0; Windows ME) Opera 7.11  [en]" "-"
66.152.191.98 - - [15/Nov/2008:03:36:31 -0800] "GET / HTTP/1.1" 200  2355 "-" "Mozilla/4.0 (compatible; MSIE 6.0; Windows ME) Opera 7.11  [en]" "-"
66.152.191.98 - - [15/Nov/2008:03:36:36 -0800] "GET / HTTP/1.1" 200  2355 "-" "Mozilla/4.0 (compatible; MSIE 6.0; Windows ME) Opera 7.11  [en]" "-"
66.152.191.98 - - [15/Nov/2008:03:36:47 -0800] "GET / HTTP/1.1" 200  2355 "-" "Mozilla/4.0 (compatible; MSIE 6.0; Windows ME) Opera 7.11  [en]" "-"
123.234.37.91 - - [15/Nov/2008:03:36:48 -0800] "GET / HTTP/1.0" 200  2355 "-" "Mozilla/4.0 (compatible; MSIE 6.0; Windows ME) Opera 7.11  [en]" "-"
66.152.191.98 - - [15/Nov/2008:03:36:49 -0800] "GET / HTTP/1.1" 200  2355 "-" "Mozilla/4.0 (compatible; MSIE 6.0; Windows ME) Opera 7.11  [en]" "-"
66.152.191.98 - - [15/Nov/2008:03:36:49 -0800] "GET / HTTP/1.1" 200  2355 "-" "Mozilla/4.0 (compatible; MSIE 6.0; Windows ME) Opera 7.11  [en]" "-"
123.234.37.91 - - [15/Nov/2008:03:36:50 -0800] "GET / HTTP/1.0" 200  2355 "-" "Mozilla/4.0 (compatible; MSIE 6.0; Windows ME) Opera 7.11  [en]" "-"
66.152.191.98 - - [15/Nov/2008:03:36:55 -0800] "GET / HTTP/1.1" 200  2355 "-" "Mozilla/4.0 (compatible; MSIE 6.0; Windows ME) Opera 7.11  [en]" "-"
66.152.191.98 - - [15/Nov/2008:03:37:01 -0800] "GET / HTTP/1.1" 200  2355 "-" "Mozilla/4.0 (compatible; MSIE 6.0; Windows ME) Opera 7.11  [en]" "-"
123.234.37.91 - - [15/Nov/2008:03:37:02 -0800] "GET / HTTP/1.0" 200  2355 "-" "Mozilla/4.0 (compatible; MSIE 6.0; Windows ME) Opera 7.11  [en]" "-"
66.152.191.98 - - [15/Nov/2008:03:37:11 -0800] "GET / HTTP/1.1" 200  2355 "-" "Mozilla/4.0 (compatible; MSIE 6.0; Windows ME) Opera 7.11  [en]" "-"
123.234.37.91 - - [15/Nov/2008:03:37:11 -0800] "GET / HTTP/1.0" 200  2355 "-" "Mozilla/4.0 (compatible; MSIE 6.0; Windows ME) Opera 7.11  [en]" "-"
66.152.191.98 - - [15/Nov/2008:03:37:14 -0800] "GET / HTTP/1.1" 200  2355 "-" "Mozilla/4.0 (compatible; MSIE 6.0; Windows ME) Opera 7.11  [en]" "-"
66.152.191.98 - - [15/Nov/2008:03:37:16 -0800] "GET / HTTP/1.1" 200  2355 "-" "Mozilla/4.0 (compatible; MSIE 6.0; Windows ME) Opera 7.11  [en]" "-"
123.234.37.91 - - [15/Nov/2008:03:37:17 -0800] "GET / HTTP/1.0" 200  2355 "-" "Mozilla/4.0 (compatible; MSIE 6.0; Windows ME) Opera 7.11  [en]" "-"
123.234.37.91 - - [15/Nov/2008:03:37:19 -0800] "GET / HTTP/1.0" 200  2355 "-" "Mozilla/4.0 (compatible; MSIE 6.0; Windows ME) Opera 7.11  [en]" "-"
193.47.80.47 - - [15/Nov/2008:03:50:31 -0800] "GET /NewVoxx/index.html HTTP/1.1" 404  597 "-" "Mozilla/5.0 (compatible; Exabot/3.0; +http://www.exabot.com/go/robot)" "-"
193.47.80.47 - - [15/Nov/2008:04:12:37 -0800] "GET /Holts/map4.html HTTP/1.1" 404  597 "-" "Mozilla/5.0 (compatible; Exabot/3.0; +http://www.exabot.com/go/robot)" "-"
193.47.80.47 - - [15/Nov/2008:04:17:32 -0800] "GET /WSP/students/faq/issues/broken_links.php HTTP/1.1" 404  597 "-" "Mozilla/5.0 (compatible; Exabot/3.0; +http://www.exabot.com/go/robot)" "-"
66.150.96.121 - - [15/Nov/2008:04:23:34 -0800] "-" 400  0 "-" "-" "-"
66.150.96.121 - - [15/Nov/2008:04:23:34 -0800] "GET /?feed=rss2 HTTP/1.1" 200  1132 "-" "FeedBurner/1.0 (http://www.FeedBurner.com)" "-"
193.47.80.47 - - [15/Nov/2008:04:45:17 -0800] "GET /WSP/elearning/faq/issues/broken_links.php HTTP/1.1" 404  597 "-" "Mozilla/5.0 (compatible; Exabot/3.0; +http://www.exabot.com/go/robot)" "-"
193.47.80.47 - - [15/Nov/2008:05:56:54 -0800] "GET /WSP/elearning/report.php HTTP/1.1" 404  597 "-" "Mozilla/5.0 (compatible; Exabot/3.0; +http://www.exabot.com/go/robot)" "-"
72.30.79.55 - - [15/Nov/2008:07:15:35 -0800] "GET /robots.txt HTTP/1.0" 200  167 "-" "Mozilla/5.0 (compatible; Yahoo! Slurp; http://help.yahoo.com/help/us/ysearch/slurp)" "-"
72.30.79.55 - - [15/Nov/2008:07:15:38 -0800] "GET /resume HTTP/1.0" 200  2028 "-" "Mozilla/5.0 (compatible; Yahoo! Slurp; http://help.yahoo.com/help/us/ysearch/slurp)" "-"
65.55.104.29 - - [15/Nov/2008:07:21:49 -0800] "GET /robots.txt HTTP/1.1" 200  183 "-" "msnbot/1.1 (+http://search.msn.com/msnbot.htm)" "-"
65.55.104.29 - - [15/Nov/2008:07:21:49 -0800] "GET / HTTP/1.1" 200  1132 "-" "msnbot/1.1 (+http://search.msn.com/msnbot.htm)" "-"
193.47.80.47 - - [15/Nov/2008:07:40:11 -0800] "GET /NewVoxx/profile.html HTTP/1.1" 404  597 "-" "Mozilla/5.0 (compatible; Exabot/3.0; +http://www.exabot.com/go/robot)" "-"
65.55.104.29 - - [15/Nov/2008:08:27:19 -0800] "GET /contact HTTP/1.1" 200  1434 "-" "msnbot/1.1 (+http://search.msn.com/msnbot.htm)" "-"
65.55.104.29 - - [15/Nov/2008:08:27:38 -0800] "GET /home HTTP/1.1" 200  1132 "-" "msnbot/1.1 (+http://search.msn.com/msnbot.htm)" "-"
65.55.104.29 - - [15/Nov/2008:08:31:47 -0800] "GET /lists HTTP/1.1" 200  3146 "-" "msnbot/1.1 (+http://search.msn.com/msnbot.htm)" "-"
65.55.104.29 - - [15/Nov/2008:08:31:49 -0800] "GET /resume HTTP/1.1" 200  2045 "-" "msnbot/1.1 (+http://search.msn.com/msnbot.htm)" "-"
65.55.104.29 - - [15/Nov/2008:08:35:58 -0800] "GET /archive HTTP/1.1" 200  6085 "-" "msnbot/1.1 (+http://search.msn.com/msnbot.htm)" "-"
65.55.104.29 - - [15/Nov/2008:08:58:29 -0800] "GET /about HTTP/1.1" 200  1774 "-" "msnbot/1.1 (+http://search.msn.com/msnbot.htm)" "-"
193.47.80.47 - - [15/Nov/2008:09:03:01 -0800] "GET /WSP/students/software/index.php HTTP/1.1" 404  597 "-" "Mozilla/5.0 (compatible; Exabot/3.0; +http://www.exabot.com/go/robot)" "-"
66.150.96.121 - - [15/Nov/2008:09:28:36 -0800] "-" 400  0 "-" "-" "-"
66.150.96.121 - - [15/Nov/2008:09:28:37 -0800] "GET /?feed=rss2 HTTP/1.1" 200  1132 "-" "FeedBurner/1.0 (http://www.FeedBurner.com)" "-"
193.47.80.47 - - [15/Nov/2008:09:39:49 -0800] "GET /work.php HTTP/1.1" 404  597 "-" "Mozilla/5.0 (compatible; Exabot/3.0; +http://www.exabot.com/go/robot)" "-"
66.249.65.46 - - [15/Nov/2008:09:47:57 -0800] "GET /resume HTTP/1.1" 200  2045 "-" "Mozilla/5.0 (compatible; Googlebot/2.1; +http://www.google.com/bot.html)" "-"
208.36.144.8 - - [15/Nov/2008:10:31:53 -0800] "GET /robots.txt HTTP/1.0" 200  167 "-" "Mozilla/5.0 (Twiceler-0.9 http://www.cuil.com/twiceler/robot.html)" "-"
193.47.80.47 - - [15/Nov/2008:11:00:44 -0800] "GET /WSP/elearning/login.php HTTP/1.1" 404  597 "-" "Mozilla/5.0 (compatible; Exabot/3.0; +http://www.exabot.com/go/robot)" "-"
72.30.161.248 - - [15/Nov/2008:11:33:28 -0800] "GET /robots.txt HTTP/1.0" 200  167 "-" "Mozilla/5.0 (compatible; Yahoo! Slurp; http://help.yahoo.com/help/us/ysearch/slurp)" "-"
72.30.161.248 - - [15/Nov/2008:11:33:28 -0800] "GET /archive HTTP/1.0" 200  6067 "-" "Mozilla/5.0 (compatible; Yahoo! Slurp; http://help.yahoo.com/help/us/ysearch/slurp)" "-"
65.55.105.240 - - [15/Nov/2008:11:42:15 -0800] "GET /robots.txt HTTP/1.1" 200  183 "-" "msnbot/1.1 (+http://search.msn.com/msnbot.htm)" "-"
65.55.105.240 - - [15/Nov/2008:11:42:47 -0800] "GET /finances HTTP/1.1" 499  0 "-" "msnbot/1.1 (+http://search.msn.com/msnbot.htm)" "-"
65.55.105.240 - - [15/Nov/2008:11:43:47 -0800] "GET /finances HTTP/1.0" 502  947 "-" "msnbot/1.1 (+http://search.msn.com/msnbot.htm)" "-"
124.115.4.197 - - [15/Nov/2008:12:15:19 -0800] "HEAD / HTTP/1.1" 200  20 "http://adamsoltys.com/" "Sosospider+(+http://help.soso.com/webspider.htm)" "-"
124.115.4.197 - - [15/Nov/2008:12:15:51 -0800] "GET / HTTP/1.1" 200  1132 "http://adamsoltys.com/" "Sosospider+(+http://help.soso.com/webspider.htm)" "-"
193.47.80.47 - - [15/Nov/2008:12:54:45 -0800] "GET /WSP/students/documents/index.php HTTP/1.1" 404  597 "-" "Mozilla/5.0 (compatible; Exabot/3.0; +http://www.exabot.com/go/robot)" "-"
66.150.96.121 - - [15/Nov/2008:12:55:10 -0800] "-" 400  0 "-" "-" "-"
66.150.96.121 - - [15/Nov/2008:12:55:10 -0800] "GET /?feed=rss2 HTTP/1.1" 200  1132 "-" "FeedBurner/1.0 (http://www.FeedBurner.com)" "-"
212.95.252.16 - - [15/Nov/2008:14:07:49 -0800] "-" 400  0 "-" "-" "-"
72.30.79.53 - - [15/Nov/2008:16:17:59 -0800] "GET /robots.txt HTTP/1.0" 200  167 "-" "Mozilla/5.0 (compatible; Yahoo! Slurp; http://help.yahoo.com/help/us/ysearch/slurp)" "-"
72.30.79.53 - - [15/Nov/2008:16:18:02 -0800] "GET /lists HTTP/1.0" 200  3129 "-" "Mozilla/5.0 (compatible; Yahoo! Slurp; http://help.yahoo.com/help/us/ysearch/slurp)" "-"
66.150.96.121 - - [15/Nov/2008:16:33:23 -0800] "-" 400  0 "-" "-" "-"
66.150.96.121 - - [15/Nov/2008:16:33:23 -0800] "GET /?feed=rss2 HTTP/1.1" 200  1132 "-" "FeedBurner/1.0 (http://www.FeedBurner.com)" "-"
193.47.80.47 - - [15/Nov/2008:16:37:40 -0800] "GET /WSP/elearning/faq/viewlets/create_folder.php HTTP/1.1" 404  597 "-" "Mozilla/5.0 (compatible; Exabot/3.0; +http://www.exabot.com/go/robot)" "-"
93.158.150.20 - - [15/Nov/2008:17:25:18 -0800] "GET /robots.txt HTTP/1.1" 200  204 "-" "Yandex/1.01.001 (compatible; Win16; I)" "-"
93.158.150.20 - - [15/Nov/2008:17:25:19 -0800] "GET / HTTP/1.1" 200  1132 "-" "Yandex/1.01.001 (compatible; Win16; I)" "-"
93.158.150.20 - - [15/Nov/2008:17:50:38 -0800] "GET /robots.txt HTTP/1.1" 200  204 "-" "Yandex/1.01.001 (compatible; Win16; I)" "-"
93.158.150.20 - - [15/Nov/2008:17:50:39 -0800] "GET / HTTP/1.1" 200  1132 "-" "Yandex/1.01.001 (compatible; Win16; I)" "-"
66.150.96.121 - - [15/Nov/2008:17:58:40 -0800] "-" 400  0 "-" "-" "-"
66.150.96.121 - - [15/Nov/2008:17:58:40 -0800] "GET /?feed=rss2 HTTP/1.1" 200  1132 "-" "FeedBurner/1.0 (http://www.FeedBurner.com)" "-"
193.47.80.47 - - [15/Nov/2008:18:48:05 -0800] "GET /robots.txt HTTP/1.1" 200  183 "-" "Mozilla/5.0 (compatible; Exabot/3.0; +http://www.exabot.com/go/robot)" "-"
193.47.80.47 - - [15/Nov/2008:18:48:06 -0800] "GET /Holts/map.html HTTP/1.1" 404  597 "-" "Mozilla/5.0 (compatible; Exabot/3.0; +http://www.exabot.com/go/robot)" "-"
66.150.96.121 - - [15/Nov/2008:20:01:50 -0800] "-" 400  0 "-" "-" "-"
66.150.96.121 - - [15/Nov/2008:20:01:50 -0800] "GET /?feed=rss2 HTTP/1.1" 200  1132 "-" "FeedBurner/1.0 (http://www.FeedBurner.com)" "-"
193.47.80.47 - - [15/Nov/2008:20:23:41 -0800] "GET /Holts/maple.html HTTP/1.1" 404  597 "-" "Mozilla/5.0 (compatible; Exabot/3.0; +http://www.exabot.com/go/robot)" "-"
65.55.108.244 - - [15/Nov/2008:21:20:59 -0800] "GET /robots.txt HTTP/1.1" 200  183 "-" "msnbot-media/1.1 (+http://search.msn.com/msnbot.htm)" "-"
65.55.108.244 - - [15/Nov/2008:21:21:00 -0800] "GET /home HTTP/1.1" 200  1132 "-" "msnbot-media/1.1 (+http://search.msn.com/msnbot.htm)" "-"
208.36.144.10 - - [15/Nov/2008:21:33:52 -0800] "GET /robots.txt HTTP/1.0" 200  167 "-" "Mozilla/5.0 (Twiceler-0.9 http://www.cuil.com/twiceler/robot.html)" "-"
65.55.25.153 - - [15/Nov/2008:21:47:42 -0800] "GET /robots.txt HTTP/1.1" 200  183 "-" "msnbot/1.1 (+http://search.msn.com/msnbot.htm)" "-"
65.55.25.153 - - [15/Nov/2008:21:47:42 -0800] "GET /home HTTP/1.1" 200  1132 "-" "msnbot/1.1 (+http://search.msn.com/msnbot.htm)" "-"
193.47.80.47 - - [15/Nov/2008:21:48:28 -0800] "GET /Voxx1/flash.html HTTP/1.1" 404  597 "-" "Mozilla/5.0 (compatible; Exabot/3.0; +http://www.exabot.com/go/robot)" "-"
193.47.80.47 - - [15/Nov/2008:22:23:48 -0800] "GET /ProNails/lacquerposters.html HTTP/1.1" 404  597 "-" "Mozilla/5.0 (compatible; Exabot/3.0; +http://www.exabot.com/go/robot)" "-"
96.50.2.173 - - [15/Nov/2008:22:26:39 -0800] "GET / HTTP/1.1" 200  1133 "-" "Mozilla/5.0 (Windows; U; Windows NT 5.1; en-US; rv:1.8.0.12) Gecko/20070508 Firefox/1.5.0.12" "-"
96.50.2.173 - - [15/Nov/2008:22:26:39 -0800] "GET /stylesheets/all.css?1225684672 HTTP/1.1" 200  1351 "http://adamsoltys.com/" "Mozilla/5.0 (Windows; U; Windows NT 5.1; en-US; rv:1.8.0.12) Gecko/20070508 Firefox/1.5.0.12" "-"
96.50.2.173 - - [15/Nov/2008:22:26:39 -0800] "GET /javascripts/all.js?1225684672 HTTP/1.1" 200  63557 "http://adamsoltys.com/" "Mozilla/5.0 (Windows; U; Windows NT 5.1; en-US; rv:1.8.0.12) Gecko/20070508 Firefox/1.5.0.12" "-"
96.50.2.173 - - [15/Nov/2008:22:26:40 -0800] "GET /favicon.ico HTTP/1.1" 200  274 "-" "Mozilla/5.0 (Windows; U; Windows NT 5.1; en-US; rv:1.8.0.12) Gecko/20070508 Firefox/1.5.0.12" "-"
96.50.2.173 - - [15/Nov/2008:22:26:40 -0800] "GET /images/topbg.gif HTTP/1.1" 200  3501 "http://adamsoltys.com/stylesheets/all.css?1225684672" "Mozilla/5.0 (Windows; U; Windows NT 5.1; en-US; rv:1.8.0.12) Gecko/20070508 Firefox/1.5.0.12" "-"
96.50.2.173 - - [15/Nov/2008:22:26:40 -0800] "GET /images/date.gif HTTP/1.1" 200  144 "http://adamsoltys.com/stylesheets/all.css?1225684672" "Mozilla/5.0 (Windows; U; Windows NT 5.1; en-US; rv:1.8.0.12) Gecko/20070508 Firefox/1.5.0.12" "-"
96.50.2.173 - - [15/Nov/2008:22:26:40 -0800] "GET /images/countryside.jpg?1225683272 HTTP/1.1" 200  21158 "http://adamsoltys.com/" "Mozilla/5.0 (Windows; U; Windows NT 5.1; en-US; rv:1.8.0.12) Gecko/20070508 Firefox/1.5.0.12" "-"
96.50.2.173 - - [15/Nov/2008:22:26:40 -0800] "GET /images/border2.gif HTTP/1.1" 200  168 "http://adamsoltys.com/stylesheets/all.css?1225684672" "Mozilla/5.0 (Windows; U; Windows NT 5.1; en-US; rv:1.8.0.12) Gecko/20070508 Firefox/1.5.0.12" "-"
96.50.2.173 - - [15/Nov/2008:22:26:42 -0800] "GET /about HTTP/1.1" 200  1773 "http://adamsoltys.com/" "Mozilla/5.0 (Windows; U; Windows NT 5.1; en-US; rv:1.8.0.12) Gecko/20070508 Firefox/1.5.0.12" "-"
96.50.2.173 - - [15/Nov/2008:22:26:43 -0800] "GET /lists HTTP/1.1" 200  3146 "http://adamsoltys.com/about" "Mozilla/5.0 (Windows; U; Windows NT 5.1; en-US; rv:1.8.0.12) Gecko/20070508 Firefox/1.5.0.12" "-"
96.50.2.173 - - [15/Nov/2008:22:26:44 -0800] "GET /images/book.jpg HTTP/1.1" 200  12012 "http://adamsoltys.com/lists" "Mozilla/5.0 (Windows; U; Windows NT 5.1; en-US; rv:1.8.0.12) Gecko/20070508 Firefox/1.5.0.12" "-"
96.50.2.173 - - [15/Nov/2008:22:26:44 -0800] "GET /images/db3.gif HTTP/1.1" 200  266 "http://adamsoltys.com/stylesheets/all.css?1225684672" "Mozilla/5.0 (Windows; U; Windows NT 5.1; en-US; rv:1.8.0.12) Gecko/20070508 Firefox/1.5.0.12" "-"
64.1.215.165 - - [15/Nov/2008:22:47:37 -0800] "GET /robots.txt HTTP/1.0" 200  167 "-" "Mozilla/5.0 (Twiceler-0.9 http://www.cuil.com/twiceler/robot.html)" "-"
66.150.96.121 - - [15/Nov/2008:22:49:09 -0800] "-" 400  0 "-" "-" "-"
66.150.96.121 - - [15/Nov/2008:22:49:09 -0800] "GET /?feed=rss2 HTTP/1.1" 200  1132 "-" "FeedBurner/1.0 (http://www.FeedBurner.com)" "-"
193.47.80.47 - - [15/Nov/2008:23:26:46 -0800] "GET /Holts/flex.html HTTP/1.1" 404  597 "-" "Mozilla/5.0 (compatible; Exabot/3.0; +http://www.exabot.com/go/robot)" "-"
65.55.220.221 - - [15/Nov/2008:23:52:11 -0800] "GET /robots.txt HTTP/1.1" 200  183 "-" "msnbot-media/1.1 (+http://search.msn.com/msnbot.htm)" "-"
65.55.220.221 - - [15/Nov/2008:23:52:12 -0800] "GET /images/countryside.jpg?1225683272 HTTP/1.1" 200  21158 "-" "msnbot-media/1.1 (+http://search.msn.com/msnbot.htm)" "-"
65.55.25.153 - - [15/Nov/2008:23:56:31 -0800] "GET /lists HTTP/1.1" 200  3146 "-" "msnbot/1.1 (+http://search.msn.com/msnbot.htm)" "-"
65.55.108.244 - - [16/Nov/2008:00:14:18 -0800] "GET /lists HTTP/1.1" 200  3146 "-" "msnbot-media/1.1 (+http://search.msn.com/msnbot.htm)" "-"
65.55.108.244 - - [16/Nov/2008:00:14:21 -0800] "GET /archive HTTP/1.1" 200  6085 "-" "msnbot-media/1.1 (+http://search.msn.com/msnbot.htm)" "-"
65.55.108.245 - - [16/Nov/2008:00:17:51 -0800] "GET /robots.txt HTTP/1.1" 200  183 "-" "msnbot-media/1.1 (+http://search.msn.com/msnbot.htm)" "-"
65.55.108.245 - - [16/Nov/2008:00:17:52 -0800] "GET /about HTTP/1.1" 200  1774 "-" "msnbot-media/1.1 (+http://search.msn.com/msnbot.htm)" "-"
96.50.2.173 - - [16/Nov/2008:00:22:02 -0800] "GET / HTTP/1.1" 304  0 "-" "Mozilla/5.0 (Windows; U; Windows NT 5.1; en-US; rv:1.8.0.12) Gecko/20070508 Firefox/1.5.0.12" "-"
96.50.2.173 - - [16/Nov/2008:00:22:04 -0800] "GET /home HTTP/1.1" 200  1133 "http://adamsoltys.com/" "Mozilla/5.0 (Windows; U; Windows NT 5.1; en-US; rv:1.8.0.12) Gecko/20070508 Firefox/1.5.0.12" "-"
96.50.2.173 - - [16/Nov/2008:00:22:06 -0800] "GET /about HTTP/1.1" 304  0 "http://adamsoltys.com/home" "Mozilla/5.0 (Windows; U; Windows NT 5.1; en-US; rv:1.8.0.12) Gecko/20070508 Firefox/1.5.0.12" "-"
96.50.2.173 - - [16/Nov/2008:00:22:08 -0800] "GET /lists HTTP/1.1" 304  0 "http://adamsoltys.com/about" "Mozilla/5.0 (Windows; U; Windows NT 5.1; en-US; rv:1.8.0.12) Gecko/20070508 Firefox/1.5.0.12" "-"
66.150.96.121 - - [16/Nov/2008:02:44:32 -0800] "-" 400  0 "-" "-" "-"
66.150.96.121 - - [16/Nov/2008:02:44:32 -0800] "GET /?feed=rss2 HTTP/1.1" 200  1132 "-" "FeedBurner/1.0 (http://www.FeedBurner.com)" "-"
65.55.25.153 - - [16/Nov/2008:02:55:28 -0800] "GET /contact HTTP/1.1" 200  1434 "-" "msnbot/1.1 (+http://search.msn.com/msnbot.htm)" "-"
65.55.25.153 - - [16/Nov/2008:03:05:29 -0800] "GET /resume HTTP/1.1" 200  2045 "-" "msnbot/1.1 (+http://search.msn.com/msnbot.htm)" "-"
67.195.37.107 - - [16/Nov/2008:03:50:03 -0800] "GET /robots.txt HTTP/1.0" 200  167 "-" "Mozilla/5.0 (compatible; Yahoo! Slurp; http://help.yahoo.com/help/us/ysearch/slurp)" "-"
67.195.37.107 - - [16/Nov/2008:03:50:03 -0800] "GET /?p=5 HTTP/1.0" 200  1116 "-" "Mozilla/5.0 (compatible; Yahoo! Slurp/3.0; http://help.yahoo.com/help/us/ysearch/slurp)" "-"
67.195.37.107 - - [16/Nov/2008:03:50:04 -0800] "GET /stylesheets/all.css?1225684672 HTTP/1.0" 200  1334 "http://blog.adamsoltys.com/?p=5" "Mozilla/5.0 (compatible; Yahoo! Slurp/3.0; http://help.yahoo.com/help/us/ysearch/slurp)" "-"
193.47.80.47 - - [16/Nov/2008:05:44:34 -0800] "GET /WSP/elearning/faq/issues/update2.php HTTP/1.1" 404  597 "-" "Mozilla/5.0 (compatible; Exabot/3.0; +http://www.exabot.com/go/robot)" "-"
65.55.25.153 - - [16/Nov/2008:05:44:35 -0800] "GET /archive HTTP/1.1" 200  6085 "-" "msnbot/1.1 (+http://search.msn.com/msnbot.htm)" "-"
66.150.96.121 - - [16/Nov/2008:05:53:55 -0800] "-" 400  0 "-" "-" "-"
66.150.96.121 - - [16/Nov/2008:05:53:55 -0800] "GET /?feed=rss2 HTTP/1.1" 200  1132 "-" "FeedBurner/1.0 (http://www.FeedBurner.com)" "-"
65.55.25.153 - - [16/Nov/2008:06:31:00 -0800] "GET /finances HTTP/1.1" 499  0 "-" "msnbot/1.1 (+http://search.msn.com/msnbot.htm)" "-"
65.55.25.153 - - [16/Nov/2008:06:31:30 -0800] "GET /finances HTTP/1.0" 499  0 "-" "msnbot/1.1 (+http://search.msn.com/msnbot.htm)" "-"
94.182.19.46 - - [16/Nov/2008:07:08:28 -0800] "GET /lists HTTP/1.0" 200  3129 "http://search.live.com/images/results.aspx?q=old+book" "Mozilla/5.0 (X11; U; Linux i686; en-US; rv:1.9.0.3) Gecko/2008101315 Ubuntu/8.10 (intrepid) Firefox/3.0.3" "94.182.19.46"
94.182.19.46 - - [16/Nov/2008:07:08:30 -0800] "GET /images/book.jpg HTTP/1.0" 200  12012 "http://search.live.com/images/results.aspx?q=old+book" "Mozilla/5.0 (X11; U; Linux i686; en-US; rv:1.9.0.3) Gecko/2008101315 Ubuntu/8.10 (intrepid) Firefox/3.0.3" "94.182.19.46"
94.182.19.46 - - [16/Nov/2008:07:08:31 -0800] "GET /stylesheets/all.css?1225684672 HTTP/1.0" 200  1334 "http://adamsoltys.com/lists" "Mozilla/5.0 (X11; U; Linux i686; en-US; rv:1.9.0.3) Gecko/2008101315 Ubuntu/8.10 (intrepid) Firefox/3.0.3" "94.182.19.46"
94.182.19.46 - - [16/Nov/2008:07:08:31 -0800] "GET /javascripts/all.js?1225684672 HTTP/1.0" 200  12220 "http://adamsoltys.com/lists" "Mozilla/5.0 (X11; U; Linux i686; en-US; rv:1.9.0.3) Gecko/2008101315 Ubuntu/8.10 (intrepid) Firefox/3.0.3" "94.182.19.46"
193.47.80.47 - - [16/Nov/2008:07:20:37 -0800] "GET /Holts/catalog.html HTTP/1.1" 404  597 "-" "Mozilla/5.0 (compatible; Exabot/3.0; +http://www.exabot.com/go/robot)" "-"
193.47.80.47 - - [16/Nov/2008:07:59:12 -0800] "GET /WSP/elearning/faq/viewlets/download_file.php HTTP/1.1" 404  597 "-" "Mozilla/5.0 (compatible; Exabot/3.0; +http://www.exabot.com/go/robot)" "-"
193.47.80.47 - - [16/Nov/2008:09:12:07 -0800] "GET /WSP/elearning/online/index.php HTTP/1.1" 404  597 "-" "Mozilla/5.0 (compatible; Exabot/3.0; +http://www.exabot.com/go/robot)" "-"
193.47.80.47 - - [16/Nov/2008:10:17:27 -0800] "GET /Voxx1/contact2.html HTTP/1.1" 404  597 "-" "Mozilla/5.0 (compatible; Exabot/3.0; +http://www.exabot.com/go/robot)" "-"
193.47.80.47 - - [16/Nov/2008:10:43:31 -0800] "GET /Voxx1/html.html HTTP/1.1" 404  597 "-" "Mozilla/5.0 (compatible; Exabot/3.0; +http://www.exabot.com/go/robot)" "-"
193.47.80.47 - - [16/Nov/2008:10:50:27 -0800] "GET /WSP/elearning/faq/issues/update3.php HTTP/1.1" 404  597 "-" "Mozilla/5.0 (compatible; Exabot/3.0; +http://www.exabot.com/go/robot)" "-"
212.95.252.16 - - [16/Nov/2008:12:08:17 -0800] "-" 400  0 "-" "-" "-"
66.150.96.121 - - [16/Nov/2008:12:15:09 -0800] "-" 400  0 "-" "-" "-"
66.150.96.121 - - [16/Nov/2008:12:15:09 -0800] "GET /?feed=rss2 HTTP/1.1" 200  1132 "-" "FeedBurner/1.0 (http://www.FeedBurner.com)" "-"
72.14.193.67 - - [16/Nov/2008:14:01:55 -0800] "GET / HTTP/1.1" 200  1132 "http://translate.google.com/translate?hl=cs&sl=en&u=http://www.adamsoltys.com/&sa=X&oi=translate&resnum=1&ct=result&prev=/search%3Fq%3DAdam%2BSoltys%26hl%3Dcs%26rls%3Dcom.microsoft:*:IE-SearchBox%26rlz%3D1I7ADBS" "Mozilla/4.0 (compatible; MSIE 7.0; Windows NT 6.0; SLCC1; .NET CLR 2.0.50727; Media Center PC 5.0; .NET CLR 3.0.04506),gzip(gfe) (via translate.google.com)" "217.77.165.52"
217.77.165.46 - - [16/Nov/2008:14:02:15 -0800] "GET /stylesheets/all.css?1225684672 HTTP/1.1" 200  1351 "http://66.102.9.104/translate_c?hl=cs&sl=en&u=http://www.adamsoltys.com/&prev=/search%3Fq%3DAdam%2BSoltys%26hl%3Dcs%26rls%3Dcom.microsoft:*:IE-SearchBox%26rlz%3D1I7ADBS&usg=ALkJrhjlQ1xBIC9iyqY9I-yxF2lSRWKihg" "Mozilla/4.0 (compatible; MSIE 7.0; Windows NT 6.0; SLCC1; .NET CLR 2.0.50727; Media Center PC 5.0; .NET CLR 3.0.04506)" "-"
217.77.165.46 - - [16/Nov/2008:14:02:18 -0800] "GET /javascripts/all.js?1225684672 HTTP/1.1" 200  63557 "http://66.102.9.104/translate_c?hl=cs&sl=en&u=http://www.adamsoltys.com/&prev=/search%3Fq%3DAdam%2BSoltys%26hl%3Dcs%26rls%3Dcom.microsoft:*:IE-SearchBox%26rlz%3D1I7ADBS&usg=ALkJrhjlQ1xBIC9iyqY9I-yxF2lSRWKihg" "Mozilla/4.0 (compatible; MSIE 7.0; Windows NT 6.0; SLCC1; .NET CLR 2.0.50727; Media Center PC 5.0; .NET CLR 3.0.04506)" "-"
217.77.165.49 - - [16/Nov/2008:14:02:32 -0800] "GET /images/countryside.jpg?1225683272 HTTP/1.1" 200  21158 "http://66.102.9.104/translate_c?hl=cs&sl=en&u=http://www.adamsoltys.com/&prev=/search%3Fq%3DAdam%2BSoltys%26hl%3Dcs%26rls%3Dcom.microsoft:*:IE-SearchBox%26rlz%3D1I7ADBS&usg=ALkJrhjlQ1xBIC9iyqY9I-yxF2lSRWKihg" "Mozilla/4.0 (compatible; MSIE 7.0; Windows NT 6.0; SLCC1; .NET CLR 2.0.50727; Media Center PC 5.0; .NET CLR 3.0.04506)" "-"
217.77.165.49 - - [16/Nov/2008:14:02:32 -0800] "GET /images/topbg.gif HTTP/1.1" 200  3501 "http://66.102.9.104/translate_c?hl=cs&sl=en&u=http://www.adamsoltys.com/&prev=/search%3Fq%3DAdam%2BSoltys%26hl%3Dcs%26rls%3Dcom.microsoft:*:IE-SearchBox%26rlz%3D1I7ADBS&usg=ALkJrhjlQ1xBIC9iyqY9I-yxF2lSRWKihg" "Mozilla/4.0 (compatible; MSIE 7.0; Windows NT 6.0; SLCC1; .NET CLR 2.0.50727; Media Center PC 5.0; .NET CLR 3.0.04506)" "-"
217.77.165.49 - - [16/Nov/2008:14:02:36 -0800] "GET /images/date.gif HTTP/1.1" 200  144 "http://66.102.9.104/translate_c?hl=cs&sl=en&u=http://www.adamsoltys.com/&prev=/search%3Fq%3DAdam%2BSoltys%26hl%3Dcs%26rls%3Dcom.microsoft:*:IE-SearchBox%26rlz%3D1I7ADBS&usg=ALkJrhjlQ1xBIC9iyqY9I-yxF2lSRWKihg" "Mozilla/4.0 (compatible; MSIE 7.0; Windows NT 6.0; SLCC1; .NET CLR 2.0.50727; Media Center PC 5.0; .NET CLR 3.0.04506)" "-"
217.77.165.49 - - [16/Nov/2008:14:02:37 -0800] "GET /images/border2.gif HTTP/1.1" 200  168 "http://66.102.9.104/translate_c?hl=cs&sl=en&u=http://www.adamsoltys.com/&prev=/search%3Fq%3DAdam%2BSoltys%26hl%3Dcs%26rls%3Dcom.microsoft:*:IE-SearchBox%26rlz%3D1I7ADBS&usg=ALkJrhjlQ1xBIC9iyqY9I-yxF2lSRWKihg" "Mozilla/4.0 (compatible; MSIE 7.0; Windows NT 6.0; SLCC1; .NET CLR 2.0.50727; Media Center PC 5.0; .NET CLR 3.0.04506)" "-"
72.14.193.67 - - [16/Nov/2008:14:03:11 -0800] "GET /archive HTTP/1.1" 200  6085 "http://66.102.9.104/translate_c?hl=cs&sl=en&u=http://www.adamsoltys.com/&prev=/search%3Fq%3DAdam%2BSoltys%26hl%3Dcs%26rls%3Dcom.microsoft:*:IE-SearchBox%26rlz%3D1I7ADBS&usg=ALkJrhjlQ1xBIC9iyqY9I-yxF2lSRWKihg" "Mozilla/4.0 (compatible; MSIE 7.0; Windows NT 6.0; SLCC1; .NET CLR 2.0.50727; Media Center PC 5.0; .NET CLR 3.0.04506),gzip(gfe) (via translate.google.com)" "217.77.165.52"
72.14.193.67 - - [16/Nov/2008:14:05:42 -0800] "GET /about HTTP/1.1" 200  1774 "http://66.102.9.104/translate_c?hl=cs&sl=en&u=http://www.adamsoltys.com/archive&prev=/search%3Fq%3DAdam%2BSoltys%26hl%3Dcs%26rls%3Dcom.microsoft:*:IE-SearchBox%26rlz%3D1I7ADBS&usg=ALkJrhgzvjL2J9vC958arWZdcVWhTrLnBA" "Mozilla/4.0 (compatible; MSIE 7.0; Windows NT 6.0; SLCC1; .NET CLR 2.0.50727; Media Center PC 5.0; .NET CLR 3.0.04506),gzip(gfe) (via translate.google.com)" "217.77.165.52"
72.14.193.67 - - [16/Nov/2008:14:06:53 -0800] "GET /contact HTTP/1.1" 200  1434 "http://66.102.9.104/translate_c?hl=cs&sl=en&u=http://www.adamsoltys.com/about&prev=/search%3Fq%3DAdam%2BSoltys%26hl%3Dcs%26rls%3Dcom.microsoft:*:IE-SearchBox%26rlz%3D1I7ADBS&usg=ALkJrhigox-iBCew3uKJPe58YLEolTxuOA" "Mozilla/4.0 (compatible; MSIE 7.0; Windows NT 6.0; SLCC1; .NET CLR 2.0.50727; Media Center PC 5.0; .NET CLR 3.0.04506),gzip(gfe) (via translate.google.com)" "217.77.165.52"
66.150.96.121 - - [16/Nov/2008:17:53:03 -0800] "-" 400  0 "-" "-" "-"
66.150.96.121 - - [16/Nov/2008:17:53:03 -0800] "GET /?feed=rss2 HTTP/1.1" 200  1132 "-" "FeedBurner/1.0 (http://www.FeedBurner.com)" "-"
193.47.80.47 - - [16/Nov/2008:17:58:07 -0800] "GET /WSP/elearning/faq/viewlets/upload_file.php HTTP/1.1" 404  597 "-" "Mozilla/5.0 (compatible; Exabot/3.0; +http://www.exabot.com/go/robot)" "-"
193.47.80.47 - - [16/Nov/2008:18:19:11 -0800] "GET /WSP/students/index.php HTTP/1.1" 404  597 "-" "Mozilla/5.0 (compatible; Exabot/3.0; +http://www.exabot.com/go/robot)" "-"
65.55.105.230 - - [16/Nov/2008:18:31:24 -0800] "GET /robots.txt HTTP/1.1" 200  183 "-" "msnbot/1.1 (+http://search.msn.com/msnbot.htm)" "-"
65.55.105.230 - - [16/Nov/2008:18:31:30 -0800] "GET /home HTTP/1.1" 200  1132 "-" "msnbot/1.1 (+http://search.msn.com/msnbot.htm)" "-"
24.118.180.51 - - [16/Nov/2008:18:55:51 -0800] "GET /lists HTTP/1.1" 200  3146 "http://images.google.com/imgres?imgurl=http://www.adamsoltys.com/images/book.jpg&imgrefurl=http://www.adamsoltys.com/lists&usg=__hAhTUEsZ3VUMTTyvZaYxXe_ghHI=&h=300&w=300&sz=12&hl=en&start=41&um=1&tbnid=_TcpnEKmobw2sM:&tbnh=116&tbnw=116&prev=/images%3Fq%3Dold%2Bbook%26start%3D40%26ndsp%3D20%26um%3D1%26hl%3Den%26safe%3Doff%26client%3Dsafari%26rls%3Den-us%26sa%3DN" "Mozilla/5.0 (Macintosh; U; Intel Mac OS X 10_5_5; en-us) AppleWebKit/525.18 (KHTML, like Gecko) Version/3.1.2 Safari/525.20.1" "-"
24.118.180.51 - - [16/Nov/2008:18:55:51 -0800] "GET /stylesheets/all.css?1225684672 HTTP/1.1" 200  1351 "http://www.adamsoltys.com/lists" "Mozilla/5.0 (Macintosh; U; Intel Mac OS X 10_5_5; en-us) AppleWebKit/525.18 (KHTML, like Gecko) Version/3.1.2 Safari/525.20.1" "-"
24.118.180.51 - - [16/Nov/2008:18:55:53 -0800] "GET /javascripts/all.js?1225684672 HTTP/1.1" 200  63557 "http://www.adamsoltys.com/lists" "Mozilla/5.0 (Macintosh; U; Intel Mac OS X 10_5_5; en-us) AppleWebKit/525.18 (KHTML, like Gecko) Version/3.1.2 Safari/525.20.1" "-"
24.118.180.51 - - [16/Nov/2008:18:55:53 -0800] "GET /images/book.jpg HTTP/1.1" 200  12012 "http://www.adamsoltys.com/lists" "Mozilla/5.0 (Macintosh; U; Intel Mac OS X 10_5_5; en-us) AppleWebKit/525.18 (KHTML, like Gecko) Version/3.1.2 Safari/525.20.1" "-"
24.118.180.51 - - [16/Nov/2008:18:55:53 -0800] "GET /images/db3.gif HTTP/1.1" 200  266 "http://www.adamsoltys.com/lists" "Mozilla/5.0 (Macintosh; U; Intel Mac OS X 10_5_5; en-us) AppleWebKit/525.18 (KHTML, like Gecko) Version/3.1.2 Safari/525.20.1" "-"
24.118.180.51 - - [16/Nov/2008:18:55:53 -0800] "GET /images/border2.gif HTTP/1.1" 200  168 "http://www.adamsoltys.com/lists" "Mozilla/5.0 (Macintosh; U; Intel Mac OS X 10_5_5; en-us) AppleWebKit/525.18 (KHTML, like Gecko) Version/3.1.2 Safari/525.20.1" "-"
24.118.180.51 - - [16/Nov/2008:18:55:54 -0800] "GET /images/topbg.gif HTTP/1.1" 200  3501 "http://www.adamsoltys.com/lists" "Mozilla/5.0 (Macintosh; U; Intel Mac OS X 10_5_5; en-us) AppleWebKit/525.18 (KHTML, like Gecko) Version/3.1.2 Safari/525.20.1" "-"
24.118.180.51 - - [16/Nov/2008:18:55:55 -0800] "GET /images/countryside.jpg?1225683272 HTTP/1.1" 200  21158 "http://www.adamsoltys.com/lists" "Mozilla/5.0 (Macintosh; U; Intel Mac OS X 10_5_5; en-us) AppleWebKit/525.18 (KHTML, like Gecko) Version/3.1.2 Safari/525.20.1" "-"
24.118.180.51 - - [16/Nov/2008:18:57:49 -0800] "GET /favicon.ico HTTP/1.1" 200  274 "http://www.adamsoltys.com/images/book.jpg" "Mozilla/5.0 (Macintosh; U; Intel Mac OS X 10_5_5; en-us) AppleWebKit/525.18 (KHTML, like Gecko) Version/3.1.2 Safari/525.20.1" "-"
65.55.110.69 - - [16/Nov/2008:18:59:37 -0800] "GET /home HTTP/1.0" 200  2355 "http://search.live.com/results.aspx?q=soltys" "Mozilla/4.0 (compatible; MSIE 6.0; Windows NT 5.2; SV1; .NET CLR 1.1.4322)" "-"
65.55.110.69 - - [16/Nov/2008:18:59:38 -0800] "GET /stylesheets/all.css?1225684672 HTTP/1.0" 200  5748 "http://adamsoltys.com/home" "Mozilla/4.0 (compatible; MSIE 6.0; Windows NT 5.2; SV1; .NET CLR 1.1.4322)" "-"
65.55.110.69 - - [16/Nov/2008:18:59:40 -0800] "GET /javascripts/all.js?1225684672 HTTP/1.0" 200  231610 "http://adamsoltys.com/home" "Mozilla/4.0 (compatible; MSIE 6.0; Windows NT 5.2; SV1; .NET CLR 1.1.4322)" "-"
66.150.96.121 - - [16/Nov/2008:21:37:15 -0800] "-" 400  0 "-" "-" "-"
66.150.96.121 - - [16/Nov/2008:21:37:24 -0800] "GET /?feed=rss2 HTTP/1.1" 200  1132 "-" "FeedBurner/1.0 (http://www.FeedBurner.com)" "-"
198.103.167.20 - - [17/Nov/2008:09:23:11 -0800] "GET / HTTP/1.1" 304  0 "-" "Mozilla/5.0 (Windows; U; Windows NT 5.1; en-US; rv:1.9.0.3) Gecko/2008092417 Firefox/3.0.3" "10.66.0.100, 10.66.0.100"
198.103.167.20 - - [17/Nov/2008:09:23:11 -0800] "GET /stylesheets/all.css?1225684672 HTTP/1.1" 200  1351 "http://adamsoltys.com/" "Mozilla/5.0 (Windows; U; Windows NT 5.1; en-US; rv:1.9.0.3) Gecko/2008092417 Firefox/3.0.3" "10.66.0.100, 10.66.0.100"
198.103.167.20 - - [17/Nov/2008:09:23:12 -0800] "GET /javascripts/all.js?1225684672 HTTP/1.1" 200  63556 "http://adamsoltys.com/" "Mozilla/5.0 (Windows; U; Windows NT 5.1; en-US; rv:1.9.0.3) Gecko/2008092417 Firefox/3.0.3" "10.66.0.100, 10.66.0.100"
198.103.167.20 - - [17/Nov/2008:09:23:13 -0800] "GET /images/countryside.jpg?1225683272 HTTP/1.1" 200  21158 "http://adamsoltys.com/" "Mozilla/5.0 (Windows; U; Windows NT 5.1; en-US; rv:1.9.0.3) Gecko/2008092417 Firefox/3.0.3" "10.66.0.100, 10.66.0.100"
198.103.167.20 - - [17/Nov/2008:09:23:13 -0800] "GET /images/topbg.gif HTTP/1.1" 200  3501 "http://adamsoltys.com/stylesheets/all.css?1225684672" "Mozilla/5.0 (Windows; U; Windows NT 5.1; en-US; rv:1.9.0.3) Gecko/2008092417 Firefox/3.0.3" "10.66.0.100, 10.66.0.100"
198.103.167.20 - - [17/Nov/2008:09:23:13 -0800] "GET /images/date.gif HTTP/1.1" 200  144 "http://adamsoltys.com/stylesheets/all.css?1225684672" "Mozilla/5.0 (Windows; U; Windows NT 5.1; en-US; rv:1.9.0.3) Gecko/2008092417 Firefox/3.0.3" "10.66.0.100, 10.66.0.100"
198.103.167.20 - - [17/Nov/2008:09:23:13 -0800] "GET /images/border2.gif HTTP/1.1" 200  168 "http://adamsoltys.com/stylesheets/all.css?1225684672" "Mozilla/5.0 (Windows; U; Windows NT 5.1; en-US; rv:1.9.0.3) Gecko/2008092417 Firefox/3.0.3" "10.66.0.100, 10.66.0.100"
198.103.167.20 - - [17/Nov/2008:09:23:16 -0800] "GET /favicon.ico HTTP/1.1" 304  0 "-" "Mozilla/5.0 (Windows; U; Windows NT 5.1; en-US; rv:1.9.0.3) Gecko/2008092417 Firefox/3.0.3" "10.66.0.100, 10.66.0.100"
65.55.232.34 - - [17/Nov/2008:09:53:33 -0800] "GET /robots.txt HTTP/1.1" 200  183 "-" "msnbot/1.1 (+http://search.msn.com/msnbot.htm)" "-"
65.55.232.34 - - [17/Nov/2008:09:53:35 -0800] "GET / HTTP/1.1" 200  1132 "-" "msnbot/1.1 (+http://search.msn.com/msnbot.htm)" "-"
212.95.252.16 - - [17/Nov/2008:10:13:50 -0800] "-" 400  0 "-" "-" "-"
198.103.167.20 - - [17/Nov/2008:10:21:34 -0800] "GET /lists HTTP/1.1" 200  3146 "-" "Mozilla/5.0 (Windows; U; Windows NT 5.1; en-US; rv:1.9.0.3) Gecko/2008092417 Firefox/3.0.3" "10.66.0.100, 10.66.0.100"
198.103.167.20 - - [17/Nov/2008:10:21:35 -0800] "GET /stylesheets/all.css?1225684672 HTTP/1.1" 200  1351 "http://www.adamsoltys.com/lists" "Mozilla/5.0 (Windows; U; Windows NT 5.1; en-US; rv:1.9.0.3) Gecko/2008092417 Firefox/3.0.3" "10.66.0.100, 10.66.0.100"
198.103.167.20 - - [17/Nov/2008:10:21:42 -0800] "GET /javascripts/all.js?1225684672 HTTP/1.1" 200  63557 "http://www.adamsoltys.com/lists" "Mozilla/5.0 (Windows; U; Windows NT 5.1; en-US; rv:1.9.0.3) Gecko/2008092417 Firefox/3.0.3" "10.66.0.100, 10.66.0.100"
198.103.167.20 - - [17/Nov/2008:10:21:42 -0800] "GET /favicon.ico HTTP/1.1" 200  274 "-" "Mozilla/5.0 (Windows; U; Windows NT 5.1; en-US; rv:1.9.0.3) Gecko/2008092417 Firefox/3.0.3" "10.66.0.100, 10.66.0.100"
198.103.167.20 - - [17/Nov/2008:10:21:42 -0800] "GET /images/topbg.gif HTTP/1.1" 200  3501 "http://www.adamsoltys.com/stylesheets/all.css?1225684672" "Mozilla/5.0 (Windows; U; Windows NT 5.1; en-US; rv:1.9.0.3) Gecko/2008092417 Firefox/3.0.3" "10.66.0.100, 10.66.0.100"
